Node 0 MemTotal:        2054748 kB
Node 0 MemFree:          100792 kB
Node 0 MemUsed:         1953956 kB
Node 0 Active:           918232 kB
Node 0 Inactive:         551428 kB
Node 0 Active(anon):     510528 kB
Node 0 Inactive(anon):   145884 kB
Node 0 Active(file):     407704 kB
Node 0 Inactive(file):   405544 kB
Node 0 Unevictable:           0 kB
Node 0 Mlocked:               0 kB
Node 0 Dirty:                 0 kB
Node 0 Writeback:             0 kB
Node 0 FilePages:        821820 kB
Node 0 Mapped:           118868 kB
Node 0 AnonPages:        648084 kB
Node 0 Shmem:              7788 kB
Node 0 KernelStack:        2248 kB
Node 0 PageTables:        13132 kB
Node 0 NFS_Unstable:          0 kB
Node 0 Bounce:                0 kB
Node 0 WritebackTmp:          0 kB
Node 0 Slab:             438536 kB
Node 0 SReclaimable:     413292 kB
Node 0 SUnreclaim:        25244 kB
Node 0 AnonHugePages:     34816 kB
Node 0 HugePages_Total:     0
Node 0 HugePages_Free:      0
Node 0 HugePages_Surp:      0
